.                                        | ΓÇëWARNΓÇë Unsupported engine: wanted: {"node":"20.x"} (current: {"node":"v24.13.1","pnpm":"9.12.0"})
apps/api                                 | ΓÇëWARNΓÇë Unsupported engine: wanted: {"node":"20.x"} (current: {"node":"v24.13.1","pnpm":"9.12.0"})
apps/web                                 | ΓÇëWARNΓÇë Unsupported engine: wanted: {"node":"20.x"} (current: {"node":"v24.13.1","pnpm":"9.12.0"})

> web@0.1.0 build D:\stack\apps\web
> prisma generate --schema=../../apps/api/prisma/schema.prisma && next build

Prisma schema loaded from ..\api\prisma\schema.prisma
node.exe : Error: 
At C:\Users\rishn\AppData\Roaming\npm\pnpm
.ps1:24 char:5
+     & "node$exe"  
"$basedir/node_modules/pnpm/bin/pnpm.cjs" 
$args
+     ~~~~~~~~~~~~~~~~~~~~~~~~~~~~~~~~~~~~
~~~~~~~~~~~~~~~~~~~~~~~~~
    + CategoryInfo          : NotSpecifie 
   d: (Error: :String) [], RemoteExcepti  
  on
    + FullyQualifiedErrorId : NativeComma 
   ndError
 
EPERM: operation not permitted, rename 'D:
\stack\node_modules\.pnpm\@prisma+client@6
.19.1_prisma@6.19.1_typescript@5.9.3__type
script@5.9.3\node_modules\.prisma\client\q
uery_engine-windows.dll.node.tmp11552' -> 
'D:\stack\node_modules\.pnpm\@prisma+clien
t@6.19.1_prisma@6.19.1_typescript@5.9.3__t
ypescript@5.9.3\node_modules\.prisma\clien
t\query_engine-windows.dll.node'


D:\stack\apps\web:
ΓÇëERR_PNPM_RECURSIVE_RUN_FIRST_FAILΓÇë web@0.1.0 build: `prisma generate --schema=../../apps/api/prisma/schema.prisma && next build`
Exit status 1
